/one[a='4.85']/two[b='2.7']/three[c='-3333']/four/five='mambo'
