uno/dos/tres/cuatro = '4'
one/two/more/even = 'yes'
one/three/four = 'sure'
